// Jest Snapshot v1, https://goo.gl/fbAQLP

exports[`Item should match the snapshot 1`] = `
<div>
  <table>
    <tbody>
      <tr>
        <td
          class="sc-9204a22b-1 caQlDm"
        >
          <strong />
        </td>
        <td
          class="sc-9204a22b-1 caQlDm"
        >
          <div
            class="sc-9204a22b-2 cfnsnr"
          >
            <button
              data-testid="decrement-btn"
              type="button"
            >
              <svg
                fill="currentColor"
                height="20"
                stroke="currentColor"
                stroke-width="0"
                viewBox="0 0 24 24"
                width="20"
                xmlns="http://www.w3.org/2000/svg"
              >
                <path
                  d="M0 0h24v24H0z"
                  fill="none"
                />
                <path
                  d="M7 11v2h10v-2H7zm5-9C6.48 2 2 6.48 2 12s4.48 10 10 10 10-4.48 10-10S17.52 2 12 2zm0 18c-4.41 0-8-3.59-8-8s3.59-8 8-8 8 3.59 8 8-3.59 8-8 8z"
                />
              </svg>
            </button>
            <input
              readonly=""
              value="2"
            />
            <button
              data-testid="increment-btn"
              type="button"
            >
              <svg
                fill="currentColor"
                height="20"
                stroke="currentColor"
                stroke-width="0"
                viewBox="0 0 24 24"
                width="20"
                xmlns="http://www.w3.org/2000/svg"
              >
                <path
                  d="M0 0h24v24H0z"
                  fill="none"
                />
                <path
                  d="M13 7h-2v4H7v2h4v4h2v-4h4v-2h-4V7zm-1-5C6.48 2 2 6.48 2 12s4.48 10 10 10 10-4.48 10-10S17.52 2 12 2zm0 18c-4.41 0-8-3.59-8-8s3.59-8 8-8 8 3.59 8 8-3.59 8-8 8z"
                />
              </svg>
            </button>
          </div>
        </td>
        <td
          class="sc-9204a22b-1 caQlDm"
        >
          <strong />
        </td>
        <td
          class="sc-9204a22b-1 caQlDm"
        >
          <button
            data-testid="remove-btn"
            type="button"
          >
            <svg
              fill="currentColor"
              height="20"
              stroke="currentColor"
              stroke-width="0"
              viewBox="0 0 24 24"
              width="20"
              xmlns="http://www.w3.org/2000/svg"
            >
              <path
                d="M0 0h24v24H0z"
                fill="none"
              />
              <path
                d="M6 19c0 1.1.9 2 2 2h8c1.1 0 2-.9 2-2V7H6v12zM19 4h-3.5l-1-1h-5l-1 1H5v2h14V4z"
              />
            </svg>
          </button>
        </td>
      </tr>
    </tbody>
  </table>
</div>
`;
