// Jest Snapshot v1, https://goo.gl/fbAQLP

exports[`Header should match the snapshot 1`] = `
<div>
  <header
    class="sc-d0070584-0 hpDyUT"
  >
    <a
      href="/"
    >
      <span
        style="box-sizing: border-box; display: inline-block; overflow: hidden; background: none; opacity: 1; border: 0px; margin: 0px; padding: 0px; position: relative; max-width: 100%;"
      >
        <span
          style="box-sizing: border-box; display: block; background: none; opacity: 1; border: 0px; margin: 0px; padding: 0px; max-width: 100%;"
        >
          <img
            alt=""
            aria-hidden="true"
            src="data:image/svg+xml,%3csvg%20xmlns=%27http://www.w3.org/2000/svg%27%20version=%271.1%27%20width=%27156%27%20height=%2741%27/%3e"
            style="display: block; max-width: 100%; background: none; opacity: 1; border: 0px; margin: 0px; padding: 0px;"
          />
        </span>
        <img
          alt="Logotipo da Shopper"
          data-nimg="intrinsic"
          decoding="async"
          src="data:image/gif;base64,R0lGODlhAQABAIAAAAAAAP///yH5BAEAAAAALAAAAAABAAEAAAIBRAA7"
          style="position: absolute; top: 0px; left: 0px; bottom: 0px; right: 0px; box-sizing: border-box; padding: 0px; margin: auto; display: block; width: 0px; height: 0px; min-width: 100%; max-width: 100%; min-height: 100%; max-height: 100%;"
        />
        <noscript />
      </span>
    </a>
    <div
      class="sc-d0070584-1 bBZIim"
    >
      <div>
        <strong>
          Meu carrinho
        </strong>
        <span
          data-testid="cart-size"
        >
          1
           
          item
        </span>
      </div>
      <svg
        fill="currentColor"
        height="36"
        stroke="currentColor"
        stroke-width="0"
        viewBox="0 0 24 24"
        width="36"
        xmlns="http://www.w3.org/2000/svg"
      >
        <path
          d="M0 0h24v24H0z"
          fill="none"
        />
        <path
          d="M17.21 9l-4.38-6.56a.993.993 0 00-.83-.42c-.32 0-.64.14-.83.43L6.79 9H2c-.55 0-1 .45-1 1 0 .09.01.18.04.27l2.54 9.27c.23.84 1 1.46 1.92 1.46h13c.92 0 1.69-.62 1.93-1.46l2.54-9.27L23 10c0-.55-.45-1-1-1h-4.79zM9 9l3-4.4L15 9H9zm3 8c-1.1 0-2-.9-2-2s.9-2 2-2 2 .9 2 2-.9 2-2 2z"
        />
      </svg>
    </div>
  </header>
</div>
`;
